14:56:43 **** Incremental Build of configuration Debug for project double_ov5640 ****
make pre-build main-build 
a9-linaro-pre-build-step
' '
'Building file: ../src/main.c'
'Invoking: ARM v7 gcc compiler'
arm-none-eabi-gcc -Wall -O0 -g3 -c -fmessage-length=0 -MT"src/main.o" -mcpu=cortex-a9 -mfpu=vfpv3 -mfloat-abi=hard -I../../double_ov5640_bsp/ps7_cortexa9_0/include -MMD -MP -MF"src/main.d" -MT"src/main.o" -o "src/main.o" "../src/main.c"
In file included from ../src/osd/osd.h:48:0,
                 from ../src/main.c:58:
../../double_ov5640_bsp/ps7_cortexa9_0/include/xbasic_types.h:111:2: warning: #warning The xbasics_type.h file is deprecated and users should use xil_types.h and xil_assert. [-Wcpp]
 #warning  The xbasics_type.h file is deprecated and users should use xil_types.h and xil_assert.
  ^~~~~~~
../../double_ov5640_bsp/ps7_cortexa9_0/include/xbasic_types.h:112:2: warning: #warning Please refer the Standalone BSP UG647 for further details [-Wcpp]
 #warning  Please refer the Standalone BSP UG647 for further details
  ^~~~~~~
'Finished building: ../src/main.c'
' '
'Building target: double_ov5640.elf'
'Invoking: ARM v7 gcc linker'
arm-none-eabi-gcc -mcpu=cortex-a9 -mfpu=vfpv3 -mfloat-abi=hard -Wl,-build-id=none -specs=Xilinx.spec -Wl,-T -Wl,../src/lscript.ld -L../../double_ov5640_bsp/ps7_cortexa9_0/lib -o "double_ov5640.elf"  ./src/vdma_api/vdma_api.o  ./src/ov5640/ov5640_init.o  ./src/osd/osd.o  ./src/emio_sccb_cfg/emio_sccb_cfg.o  ./src/main.o   -Wl,--start-group,-lxil,-lgcc,-lc,--end-group
'Finished building target: double_ov5640.elf'
' '
'Invoking: ARM v7 Print Size'
arm-none-eabi-size double_ov5640.elf  |tee "double_ov5640.elf.size"
   text	   data	    bss	    dec	    hex	filename
  57552	   1648	  28752	  87952	  15790	double_ov5640.elf
'Finished building: double_ov5640.elf.size'
' '

14:56:48 Build Finished (took 5s.678ms)

