18:11:07 **** Build of configuration Debug for project double_ov5640_bsp_osd_selftest_example_1 ****
make pre-build main-build 
a9-linaro-pre-build-step
' '
'Building file: ../src/osd_selftest_example.c'
'Invoking: ARM v7 gcc compiler'
arm-none-eabi-gcc -Wall -O0 -g3 -c -fmessage-length=0 -MT"src/osd_selftest_example.o" -mcpu=cortex-a9 -mfpu=vfpv3 -mfloat-abi=hard -I../../double_ov5640_bsp/ps7_cortexa9_0/include -MMD -MP -MF"src/osd_selftest_example.d" -MT"src/osd_selftest_example.o" -o "src/osd_selftest_example.o" "../src/osd_selftest_example.c"
'Finished building: ../src/osd_selftest_example.c'
' '
'Building target: double_ov5640_bsp_osd_selftest_example_1.elf'
'Invoking: ARM v7 gcc linker'
arm-none-eabi-gcc -mcpu=cortex-a9 -mfpu=vfpv3 -mfloat-abi=hard -Wl,-build-id=none -specs=Xilinx.spec -Wl,-T -Wl,../src/lscript.ld -L../../double_ov5640_bsp/ps7_cortexa9_0/lib -o "double_ov5640_bsp_osd_selftest_example_1.elf"  ./src/osd_selftest_example.o   -Wl,--start-group,-lxil,-lgcc,-lc,--end-group
'Finished building target: double_ov5640_bsp_osd_selftest_example_1.elf'
' '
'Invoking: ARM v7 Print Size'
arm-none-eabi-size double_ov5640_bsp_osd_selftest_example_1.elf  |tee "double_ov5640_bsp_osd_selftest_example_1.elf.size"
   text	   data	    bss	    dec	    hex	filename
  32008	   1384	  23080	  56472	   dc98	double_ov5640_bsp_osd_selftest_example_1.elf
'Finished building: double_ov5640_bsp_osd_selftest_example_1.elf.size'
' '

18:11:09 Build Finished (took 2s.61ms)

